2026-03-28 12:01:14,188 - INFO - ======================================================================
2026-03-28 12:01:14,188 - INFO -   FIGURE GENERATION — rBergomi Chapter 3
2026-03-28 12:01:14,188 - INFO -   Methods: ['cholesky_euler', 'hybrid_euler', 'hybrid_mixed']
2026-03-28 12:01:14,188 - INFO -   Date filter: all
2026-03-28 12:01:14,188 - INFO - ======================================================================
2026-03-28 12:01:14,188 - INFO - 
[Step 1] Loading option data index...
2026-03-28 12:01:14,188 - INFO - Loading existing index from data\option_index.parquet
2026-03-28 12:01:14,403 - INFO - Index loaded: 56641 instruments
2026-03-28 12:01:14,404 - INFO - 
------------------------------------------------------------
2026-03-28 12:01:14,404 - INFO -   METHOD: Cholesky + Euler
2026-03-28 12:01:14,404 - INFO - ------------------------------------------------------------
2026-03-28 12:01:14,472 - INFO -   Loaded 30 calibration results.
2026-03-28 12:01:14,482 - INFO - 
  [cholesky_euler] 20220508  H=0.1955 eta=3.407 rho=-0.321
2026-03-28 12:01:15,873 - INFO - Surface @ 2022-05-08 12:00:00: 33 points, TTM range [0.033, 0.224] years
2026-03-28 12:01:15,878 - INFO - rBergomiPricer initialized: H=0.195, eta=3.41, rho=-0.32, xi=0.3544, n_paths=50,000, n_steps=100, scheme=cholesky
2026-03-28 12:01:20,877 - INFO -     skew -> skew_20220508_cholesky_euler.png
2026-03-28 12:01:21,078 - INFO -     heatmap -> residuals_heatmap_20220508_cholesky_euler.png
2026-03-28 12:01:21,220 - INFO -     hist   -> residuals_hist_20220508_cholesky_euler.png
2026-03-28 12:01:21,555 - INFO -     3d     -> iv_surface_3d_20220508_cholesky_euler.png
2026-03-28 12:01:21,555 - INFO - 
  [cholesky_euler] 20220509  H=0.1130 eta=3.396 rho=-0.110
2026-03-28 12:01:23,162 - INFO - Surface @ 2022-05-09 12:00:00: 40 points, TTM range [0.030, 0.222] years
2026-03-28 12:01:23,163 - INFO - rBergomiPricer initialized: H=0.113, eta=3.40, rho=-0.11, xi=0.4452, n_paths=50,000, n_steps=100, scheme=cholesky
2026-03-28 12:01:26,562 - INFO -     skew -> skew_20220509_cholesky_euler.png
2026-03-28 12:01:26,743 - INFO -     heatmap -> residuals_heatmap_20220509_cholesky_euler.png
2026-03-28 12:01:26,862 - INFO -     hist   -> residuals_hist_20220509_cholesky_euler.png
2026-03-28 12:01:27,160 - INFO -     3d     -> iv_surface_3d_20220509_cholesky_euler.png
2026-03-28 12:01:27,161 - INFO - 
  [cholesky_euler] 20220510  H=0.1514 eta=3.334 rho=-0.004
2026-03-28 12:01:29,100 - INFO - Surface @ 2022-05-10 12:00:00: 44 points, TTM range [0.027, 0.219] years
2026-03-28 12:01:29,101 - INFO - rBergomiPricer initialized: H=0.151, eta=3.33, rho=-0.00, xi=0.5082, n_paths=50,000, n_steps=100, scheme=cholesky
2026-03-28 12:01:32,542 - INFO -     skew -> skew_20220510_cholesky_euler.png
2026-03-28 12:01:32,733 - INFO -     heatmap -> residuals_heatmap_20220510_cholesky_euler.png
2026-03-28 12:01:32,866 - INFO -     hist   -> residuals_hist_20220510_cholesky_euler.png
2026-03-28 12:01:33,184 - INFO -     3d     -> iv_surface_3d_20220510_cholesky_euler.png
2026-03-28 12:01:33,185 - INFO - 
  [cholesky_euler] 20220618  H=0.0245 eta=3.587 rho=0.000
2026-03-28 12:01:36,850 - INFO - Surface @ 2022-06-18 12:00:00: 47 points, TTM range [0.035, 0.189] years
2026-03-28 12:01:36,852 - INFO - rBergomiPricer initialized: H=0.025, eta=3.59, rho=0.00, xi=1.1829, n_paths=50,000, n_steps=100, scheme=cholesky
2026-03-28 12:01:40,267 - INFO -     skew -> skew_20220618_cholesky_euler.png
2026-03-28 12:01:40,267 - WARNING -     heatmap: too few valid model IVs for 20220618 cholesky_euler
2026-03-28 12:01:40,423 - INFO -     3d     -> iv_surface_3d_20220618_cholesky_euler.png
2026-03-28 12:01:40,423 - INFO - 
  [cholesky_euler] 20220702  H=0.0239 eta=3.620 rho=-0.938
2026-03-28 12:01:43,502 - INFO - Surface @ 2022-07-02 12:00:00: 36 points, TTM range [0.035, 0.246] years
2026-03-28 12:01:43,502 - INFO - rBergomiPricer initialized: H=0.024, eta=3.62, rho=-0.94, xi=0.6378, n_paths=50,000, n_steps=100, scheme=cholesky
2026-03-28 12:01:47,708 - INFO -     skew -> skew_20220702_cholesky_euler.png
2026-03-28 12:01:47,708 - WARNING -     heatmap: too few valid model IVs for 20220702 cholesky_euler
2026-03-28 12:01:47,866 - INFO -     3d     -> iv_surface_3d_20220702_cholesky_euler.png
2026-03-28 12:01:47,866 - INFO - 
  [cholesky_euler] 20221107  H=0.0721 eta=2.882 rho=-0.319
2026-03-28 12:01:50,526 - INFO - Surface @ 2022-11-07 12:00:00: 43 points, TTM range [0.030, 0.221] years
2026-03-28 12:01:50,527 - INFO - rBergomiPricer initialized: H=0.072, eta=2.88, rho=-0.32, xi=0.2417, n_paths=50,000, n_steps=100, scheme=cholesky
2026-03-28 12:01:54,285 - INFO -     skew -> skew_20221107_cholesky_euler.png
2026-03-28 12:01:54,494 - INFO -     heatmap -> residuals_heatmap_20221107_cholesky_euler.png
2026-03-28 12:01:54,641 - INFO -     hist   -> residuals_hist_20221107_cholesky_euler.png
2026-03-28 12:01:54,922 - INFO -     3d     -> iv_surface_3d_20221107_cholesky_euler.png
2026-03-28 12:01:54,922 - INFO - 
  [cholesky_euler] 20221108  H=0.1636 eta=3.543 rho=-0.354
2026-03-28 12:01:57,008 - INFO - Surface @ 2022-11-08 12:00:00: 43 points, TTM range [0.027, 0.219] years
2026-03-28 12:01:57,011 - INFO - rBergomiPricer initialized: H=0.164, eta=3.54, rho=-0.35, xi=0.3496, n_paths=50,000, n_steps=100, scheme=cholesky
2026-03-28 12:02:00,342 - INFO -     skew -> skew_20221108_cholesky_euler.png
2026-03-28 12:02:00,536 - INFO -     heatmap -> residuals_heatmap_20221108_cholesky_euler.png
2026-03-28 12:02:00,704 - INFO -     hist   -> residuals_hist_20221108_cholesky_euler.png
2026-03-28 12:02:01,045 - INFO -     3d     -> iv_surface_3d_20221108_cholesky_euler.png
2026-03-28 12:02:01,045 - INFO - 
  [cholesky_euler] 20221109  H=0.2188 eta=3.847 rho=-0.808
2026-03-28 12:02:03,842 - INFO - Surface @ 2022-11-09 12:00:00: 39 points, TTM range [0.024, 0.216] years
2026-03-28 12:02:03,844 - INFO - rBergomiPricer initialized: H=0.219, eta=3.85, rho=-0.81, xi=0.9495, n_paths=50,000, n_steps=100, scheme=cholesky
2026-03-28 12:02:07,228 - INFO -     skew -> skew_20221109_cholesky_euler.png
2026-03-28 12:02:07,474 - INFO -     heatmap -> residuals_heatmap_20221109_cholesky_euler.png
2026-03-28 12:02:07,619 - INFO -     hist   -> residuals_hist_20221109_cholesky_euler.png
2026-03-28 12:02:07,636 - WARNING -   3D surface failed: QH6154 Qhull precision error: Initial simplex is flat (facet 1 is coplanar with the interior point)

While executing:  | qhull d Q12 Qbb Qt Qz Qc
Options selected for Qhull 2020.2.r 2020/08/31:
  run-id 910710506  delaunay  Q12-allow-wide  Qbbound-last  Qtriangulate
  Qz-infinity-point  Qcoplanar-keep  _pre-merge  _zero-centrum  Qinterior-keep
  Pgood  _max-width 0.33  Error-roundoff 1.2e-14  _one-merge 8.6e-14
  Visible-distance 2.5e-14  U-max-coplanar 2.5e-14  Width-outside 4.9e-14
  _wide-facet 1.5e-13  _maxoutside 9.8e-14

The input to qhull appears to be less than 3 dimensional, or a
computation has overflowed.

Qhull could not construct a clearly convex simplex from points:
- p5(v4):     1   8.9  0.32
- p12(v3):     1   8.9   8.9
- p11(v2):   1.2   8.9  0.69
- p0(v1):  0.85   8.9     0

The center point is coplanar with a facet, or a vertex is coplanar
with a neighboring facet.  The maximum round off error for
computing distances is 1.2e-14.  The center point, facets and distances
to the center point are as follows:

center point    1.019    8.869     2.47

facet p12 p11 p0 distance= -5.2e-16
facet p5 p11 p0 distance=    0
facet p5 p12 p0 distance= 5.1e-16
facet p5 p12 p11 distance= 5.1e-16

These points either have a maximum or minimum x-coordinate, or
they maximize the determinant for k coordinates.  Trial points
are first selected from points that maximize a coordinate.

The min and max coordinates for each dimension are:
  0:    0.8491     1.181  difference= 0.3317
  1:     8.869     8.869  difference= 1.776e-15
  2:         0     8.869  difference= 8.869

If the input should be full dimensional, you have several options that
may determine an initial simplex:
  - use 'QJ'  to joggle the input and make it full dimensional
  - use 'QbB' to scale the points to the unit cube
  - use 'QR0' to randomly rotate the input for different maximum points
  - use 'Qs'  to search all points for the initial simplex
  - use 'En'  to specify a maximum roundoff error less than 1.2e-14.
  - trace execution with 'T3' to see the determinant for each point.

If the input is lower dimensional:
  - use 'QJ' to joggle the input and make it full dimensional
  - use 'Qbk:0Bk:0' to delete coordinate k from the input.  You should
    pick the coordinate with the least range.  The hull will have the
    correct topology.
  - determine the flat containing the points, rotate the points
    into a coordinate plane, and delete the other coordinates.
  - add one or more points to make the input full dimensional.

2026-03-28 12:02:07,636 - INFO - 
  [cholesky_euler] 20221116  H=0.2098 eta=2.946 rho=-0.838
2026-03-28 12:02:10,298 - INFO - Surface @ 2022-11-16 12:00:00: 37 points, TTM range [0.024, 0.197] years
2026-03-28 12:02:10,301 - INFO - rBergomiPricer initialized: H=0.210, eta=2.95, rho=-0.84, xi=0.5627, n_paths=50,000, n_steps=100, scheme=cholesky
2026-03-28 12:02:13,733 - INFO -     skew -> skew_20221116_cholesky_euler.png
2026-03-28 12:02:13,916 - INFO -     heatmap -> residuals_heatmap_20221116_cholesky_euler.png
2026-03-28 12:02:14,060 - INFO -     hist   -> residuals_hist_20221116_cholesky_euler.png
2026-03-28 12:02:14,444 - INFO -     3d     -> iv_surface_3d_20221116_cholesky_euler.png
2026-03-28 12:02:14,445 - INFO - 
  [cholesky_euler] 20221217  H=0.2318 eta=3.805 rho=-0.787
2026-03-28 12:02:16,700 - INFO - Surface @ 2022-12-17 12:00:00: 32 points, TTM range [0.035, 0.189] years
2026-03-28 12:02:16,701 - INFO - rBergomiPricer initialized: H=0.232, eta=3.80, rho=-0.79, xi=0.2695, n_paths=50,000, n_steps=100, scheme=cholesky
2026-03-28 12:02:20,255 - INFO -     skew -> skew_20221217_cholesky_euler.png
2026-03-28 12:02:20,440 - INFO -     heatmap -> residuals_heatmap_20221217_cholesky_euler.png
2026-03-28 12:02:20,585 - INFO -     hist   -> residuals_hist_20221217_cholesky_euler.png
2026-03-28 12:02:20,885 - INFO -     3d     -> iv_surface_3d_20221217_cholesky_euler.png
2026-03-28 12:02:20,885 - INFO - 
  [cholesky_euler] 20230309  H=0.0906 eta=2.629 rho=-0.632
2026-03-28 12:02:23,656 - INFO - Surface @ 2023-03-09 12:00:00: 56 points, TTM range [0.022, 0.213] years
2026-03-28 12:02:23,657 - INFO - rBergomiPricer initialized: H=0.091, eta=2.63, rho=-0.63, xi=0.2018, n_paths=50,000, n_steps=100, scheme=cholesky
2026-03-28 12:02:28,014 - INFO -     skew -> skew_20230309_cholesky_euler.png
2026-03-28 12:02:28,228 - INFO -     heatmap -> residuals_heatmap_20230309_cholesky_euler.png
2026-03-28 12:02:28,383 - INFO -     hist   -> residuals_hist_20230309_cholesky_euler.png
2026-03-28 12:02:28,713 - INFO -     3d     -> iv_surface_3d_20230309_cholesky_euler.png
2026-03-28 12:02:28,713 - INFO - 
  [cholesky_euler] 20230310  H=0.0563 eta=2.927 rho=-0.708
2026-03-28 12:02:31,474 - INFO - Surface @ 2023-03-10 12:00:00: 39 points, TTM range [0.038, 0.210] years
2026-03-28 12:02:31,477 - INFO - rBergomiPricer initialized: H=0.056, eta=2.93, rho=-0.71, xi=0.2680, n_paths=50,000, n_steps=100, scheme=cholesky
2026-03-28 12:02:35,177 - INFO -     skew -> skew_20230310_cholesky_euler.png
2026-03-28 12:02:35,396 - INFO -     heatmap -> residuals_heatmap_20230310_cholesky_euler.png
2026-03-28 12:02:35,586 - INFO -     hist   -> residuals_hist_20230310_cholesky_euler.png
2026-03-28 12:02:36,220 - INFO -     3d     -> iv_surface_3d_20230310_cholesky_euler.png
2026-03-28 12:02:36,220 - INFO - 
  [cholesky_euler] 20230311  H=0.0535 eta=2.900 rho=-0.733
2026-03-28 12:02:38,914 - INFO - Surface @ 2023-03-11 12:00:00: 43 points, TTM range [0.035, 0.208] years
2026-03-28 12:02:38,916 - INFO - rBergomiPricer initialized: H=0.053, eta=2.90, rho=-0.73, xi=0.3064, n_paths=50,000, n_steps=100, scheme=cholesky
2026-03-28 12:02:42,513 - INFO -     skew -> skew_20230311_cholesky_euler.png
2026-03-28 12:02:42,728 - INFO -     heatmap -> residuals_heatmap_20230311_cholesky_euler.png
2026-03-28 12:02:42,842 - INFO -     hist   -> residuals_hist_20230311_cholesky_euler.png
2026-03-28 12:02:43,128 - INFO -     3d     -> iv_surface_3d_20230311_cholesky_euler.png
2026-03-28 12:02:43,128 - INFO - 
  [cholesky_euler] 20230812  H=0.0835 eta=2.228 rho=-0.306
2026-03-28 12:02:46,574 - INFO - Surface @ 2023-08-12 12:00:00: 44 points, TTM range [0.035, 0.208] years
2026-03-28 12:02:46,575 - INFO - rBergomiPricer initialized: H=0.084, eta=2.23, rho=-0.31, xi=0.0678, n_paths=50,000, n_steps=100, scheme=cholesky
2026-03-28 12:02:50,337 - INFO -     skew -> skew_20230812_cholesky_euler.png
2026-03-28 12:02:50,573 - INFO -     heatmap -> residuals_heatmap_20230812_cholesky_euler.png
2026-03-28 12:02:50,788 - INFO -     hist   -> residuals_hist_20230812_cholesky_euler.png
2026-03-28 12:02:51,129 - INFO -     3d     -> iv_surface_3d_20230812_cholesky_euler.png
2026-03-28 12:02:51,129 - INFO - 
  [cholesky_euler] 20230930  H=0.0785 eta=2.075 rho=-0.698
2026-03-28 12:02:54,235 - INFO - Surface @ 2023-09-30 12:00:00: 62 points, TTM range [0.035, 0.246] years
2026-03-28 12:02:54,236 - INFO - rBergomiPricer initialized: H=0.078, eta=2.07, rho=-0.70, xi=0.0781, n_paths=50,000, n_steps=100, scheme=cholesky
2026-03-28 12:02:58,912 - INFO -     skew -> skew_20230930_cholesky_euler.png
2026-03-28 12:02:59,186 - INFO -     heatmap -> residuals_heatmap_20230930_cholesky_euler.png
2026-03-28 12:02:59,360 - INFO -     hist   -> residuals_hist_20230930_cholesky_euler.png
2026-03-28 12:02:59,717 - INFO -     3d     -> iv_surface_3d_20230930_cholesky_euler.png
2026-03-28 12:02:59,718 - INFO - 
  [cholesky_euler] 20240109  H=0.0967 eta=2.401 rho=-0.084
2026-03-28 12:03:05,082 - INFO - Surface @ 2024-01-09 12:00:00: 71 points, TTM range [0.027, 0.219] years
2026-03-28 12:03:05,084 - INFO - rBergomiPricer initialized: H=0.097, eta=2.40, rho=-0.08, xi=0.4286, n_paths=50,000, n_steps=100, scheme=cholesky
2026-03-28 12:03:08,577 - INFO -     skew -> skew_20240109_cholesky_euler.png
2026-03-28 12:03:08,778 - INFO -     heatmap -> residuals_heatmap_20240109_cholesky_euler.png
2026-03-28 12:03:08,894 - INFO -     hist   -> residuals_hist_20240109_cholesky_euler.png
2026-03-28 12:03:09,235 - INFO -     3d     -> iv_surface_3d_20240109_cholesky_euler.png
2026-03-28 12:03:09,235 - INFO - 
  [cholesky_euler] 20240110  H=0.0926 eta=2.626 rho=0.000
2026-03-28 12:03:14,180 - INFO - Surface @ 2024-01-10 12:00:00: 77 points, TTM range [0.024, 0.216] years
2026-03-28 12:03:14,182 - INFO - rBergomiPricer initialized: H=0.093, eta=2.63, rho=0.00, xi=0.4471, n_paths=50,000, n_steps=100, scheme=cholesky
2026-03-28 12:03:17,777 - INFO -     skew -> skew_20240110_cholesky_euler.png
2026-03-28 12:03:17,954 - INFO -     heatmap -> residuals_heatmap_20240110_cholesky_euler.png
2026-03-28 12:03:18,111 - INFO -     hist   -> residuals_hist_20240110_cholesky_euler.png
2026-03-28 12:03:18,416 - INFO -     3d     -> iv_surface_3d_20240110_cholesky_euler.png
2026-03-28 12:03:18,416 - INFO - 
  [cholesky_euler] 20240111  H=0.0956 eta=3.421 rho=-0.019
2026-03-28 12:03:22,578 - INFO - Surface @ 2024-01-11 12:00:00: 94 points, TTM range [0.022, 0.213] years
2026-03-28 12:03:22,580 - INFO - rBergomiPricer initialized: H=0.096, eta=3.42, rho=-0.02, xi=0.3386, n_paths=50,000, n_steps=100, scheme=cholesky
2026-03-28 12:03:26,933 - INFO -     skew -> skew_20240111_cholesky_euler.png
2026-03-28 12:03:27,131 - INFO -     heatmap -> residuals_heatmap_20240111_cholesky_euler.png
2026-03-28 12:03:27,283 - INFO -     hist   -> residuals_hist_20240111_cholesky_euler.png
2026-03-28 12:03:27,621 - INFO -     3d     -> iv_surface_3d_20240111_cholesky_euler.png
2026-03-28 12:03:27,621 - INFO - 
  [cholesky_euler] 20240210  H=0.0418 eta=2.578 rho=-0.384
2026-03-28 12:03:31,948 - INFO - Surface @ 2024-02-10 12:00:00: 67 points, TTM range [0.035, 0.208] years
2026-03-28 12:03:31,950 - INFO - rBergomiPricer initialized: H=0.042, eta=2.58, rho=-0.38, xi=0.1781, n_paths=50,000, n_steps=100, scheme=cholesky
2026-03-28 12:03:35,618 - INFO -     skew -> skew_20240210_cholesky_euler.png
2026-03-28 12:03:35,945 - INFO -     heatmap -> residuals_heatmap_20240210_cholesky_euler.png
2026-03-28 12:03:36,095 - INFO -     hist   -> residuals_hist_20240210_cholesky_euler.png
2026-03-28 12:03:36,415 - INFO -     3d     -> iv_surface_3d_20240210_cholesky_euler.png
2026-03-28 12:03:36,415 - INFO - 
  [cholesky_euler] 20240419  H=0.0889 eta=2.084 rho=-0.037
2026-03-28 12:03:42,483 - INFO - Surface @ 2024-04-19 12:00:00: 81 points, TTM range [0.038, 0.191] years
2026-03-28 12:03:42,485 - INFO - rBergomiPricer initialized: H=0.089, eta=2.08, rho=-0.04, xi=0.4696, n_paths=50,000, n_steps=100, scheme=cholesky
2026-03-28 12:03:46,091 - INFO -     skew -> skew_20240419_cholesky_euler.png
2026-03-28 12:03:46,277 - INFO -     heatmap -> residuals_heatmap_20240419_cholesky_euler.png
2026-03-28 12:03:46,412 - INFO -     hist   -> residuals_hist_20240419_cholesky_euler.png
2026-03-28 12:03:46,755 - INFO -     3d     -> iv_surface_3d_20240419_cholesky_euler.png
2026-03-28 12:03:46,755 - INFO - 
  [cholesky_euler] 20240420  H=0.0136 eta=2.817 rho=-0.722
2026-03-28 12:03:52,295 - INFO - Surface @ 2024-04-20 12:00:00: 65 points, TTM range [0.035, 0.189] years
2026-03-28 12:03:52,297 - INFO - rBergomiPricer initialized: H=0.014, eta=2.82, rho=-0.72, xi=0.4339, n_paths=50,000, n_steps=100, scheme=cholesky
2026-03-28 12:03:55,874 - INFO -     skew -> skew_20240420_cholesky_euler.png
2026-03-28 12:03:56,083 - INFO -     heatmap -> residuals_heatmap_20240420_cholesky_euler.png
2026-03-28 12:03:56,233 - INFO -     hist   -> residuals_hist_20240420_cholesky_euler.png
2026-03-28 12:03:56,695 - INFO -     3d     -> iv_surface_3d_20240420_cholesky_euler.png
2026-03-28 12:03:56,695 - INFO - 
  [cholesky_euler] 20240421  H=0.0801 eta=2.740 rho=0.000
2026-03-28 12:04:01,624 - INFO - Surface @ 2024-04-21 12:00:00: 70 points, TTM range [0.033, 0.186] years
2026-03-28 12:04:01,625 - INFO - rBergomiPricer initialized: H=0.080, eta=2.74, rho=0.00, xi=0.4832, n_paths=50,000, n_steps=100, scheme=cholesky
2026-03-28 12:04:05,109 - INFO -     skew -> skew_20240421_cholesky_euler.png
2026-03-28 12:04:05,300 - INFO -     heatmap -> residuals_heatmap_20240421_cholesky_euler.png
2026-03-28 12:04:05,427 - INFO -     hist   -> residuals_hist_20240421_cholesky_euler.png
2026-03-28 12:04:05,793 - INFO -     3d     -> iv_surface_3d_20240421_cholesky_euler.png
2026-03-28 12:04:05,794 - INFO - 
  [cholesky_euler] 20240914  H=0.0436 eta=2.999 rho=-0.656
2026-03-28 12:04:11,043 - INFO - Surface @ 2024-09-14 12:00:00: 74 points, TTM range [0.035, 0.208] years
2026-03-28 12:04:11,045 - INFO - rBergomiPricer initialized: H=0.044, eta=3.00, rho=-0.66, xi=0.2322, n_paths=50,000, n_steps=100, scheme=cholesky
2026-03-28 12:04:15,299 - INFO -     skew -> skew_20240914_cholesky_euler.png
2026-03-28 12:04:15,495 - INFO -     heatmap -> residuals_heatmap_20240914_cholesky_euler.png
2026-03-28 12:04:15,619 - INFO -     hist   -> residuals_hist_20240914_cholesky_euler.png
2026-03-28 12:04:15,923 - INFO -     3d     -> iv_surface_3d_20240914_cholesky_euler.png
2026-03-28 12:04:15,923 - INFO - 
  [cholesky_euler] 20241204  H=0.0797 eta=3.069 rho=-0.225
2026-03-28 12:04:21,481 - INFO - Surface @ 2024-12-04 12:00:00: 107 points, TTM range [0.024, 0.235] years
2026-03-28 12:04:21,483 - INFO - rBergomiPricer initialized: H=0.080, eta=3.07, rho=-0.22, xi=0.2674, n_paths=50,000, n_steps=100, scheme=cholesky
2026-03-28 12:04:26,046 - INFO -     skew -> skew_20241204_cholesky_euler.png
2026-03-28 12:04:26,228 - INFO -     heatmap -> residuals_heatmap_20241204_cholesky_euler.png
2026-03-28 12:04:26,340 - INFO -     hist   -> residuals_hist_20241204_cholesky_euler.png
2026-03-28 12:04:26,665 - INFO -     3d     -> iv_surface_3d_20241204_cholesky_euler.png
2026-03-28 12:04:26,665 - INFO - 
  [cholesky_euler] 20241205  H=0.0977 eta=2.948 rho=0.000
2026-03-28 12:04:31,280 - INFO - Surface @ 2024-12-05 12:00:00: 126 points, TTM range [0.022, 0.232] years
2026-03-28 12:04:31,282 - INFO - rBergomiPricer initialized: H=0.098, eta=2.95, rho=0.00, xi=0.3175, n_paths=50,000, n_steps=100, scheme=cholesky
2026-03-28 12:04:35,884 - INFO -     skew -> skew_20241205_cholesky_euler.png
2026-03-28 12:04:36,069 - INFO -     heatmap -> residuals_heatmap_20241205_cholesky_euler.png
2026-03-28 12:04:36,231 - INFO -     hist   -> residuals_hist_20241205_cholesky_euler.png
2026-03-28 12:04:36,553 - INFO -     3d     -> iv_surface_3d_20241205_cholesky_euler.png
2026-03-28 12:04:36,553 - INFO - 
  [cholesky_euler] 20241206  H=0.1189 eta=3.564 rho=0.000
2026-03-28 12:04:40,940 - INFO - Surface @ 2024-12-06 12:00:00: 93 points, TTM range [0.038, 0.230] years
2026-03-28 12:04:40,942 - INFO - rBergomiPricer initialized: H=0.119, eta=3.56, rho=0.00, xi=0.2810, n_paths=50,000, n_steps=100, scheme=cholesky
2026-03-28 12:04:44,527 - INFO -     skew -> skew_20241206_cholesky_euler.png
2026-03-28 12:04:44,735 - INFO -     heatmap -> residuals_heatmap_20241206_cholesky_euler.png
2026-03-28 12:04:44,844 - INFO -     hist   -> residuals_hist_20241206_cholesky_euler.png
2026-03-28 12:04:45,201 - INFO -     3d     -> iv_surface_3d_20241206_cholesky_euler.png
2026-03-28 12:04:45,202 - INFO - 
  [cholesky_euler] 20250119  H=0.2580 eta=3.960 rho=-0.251
2026-03-28 12:04:49,507 - INFO - Surface @ 2025-01-19 12:00:00: 90 points, TTM range [0.033, 0.186] years
2026-03-28 12:04:49,510 - INFO - rBergomiPricer initialized: H=0.258, eta=3.96, rho=-0.25, xi=0.4207, n_paths=50,000, n_steps=100, scheme=cholesky
2026-03-28 12:04:53,142 - INFO -     skew -> skew_20250119_cholesky_euler.png
2026-03-28 12:04:53,328 - INFO -     heatmap -> residuals_heatmap_20250119_cholesky_euler.png
2026-03-28 12:04:53,457 - INFO -     hist   -> residuals_hist_20250119_cholesky_euler.png
2026-03-28 12:04:53,845 - INFO -     3d     -> iv_surface_3d_20250119_cholesky_euler.png
2026-03-28 12:04:53,845 - INFO - 
  [cholesky_euler] 20250120  H=0.1226 eta=3.594 rho=-0.089
2026-03-28 12:04:58,405 - INFO - Surface @ 2025-01-20 12:00:00: 92 points, TTM range [0.030, 0.183] years
2026-03-28 12:04:58,407 - INFO - rBergomiPricer initialized: H=0.123, eta=3.59, rho=-0.09, xi=0.4726, n_paths=50,000, n_steps=100, scheme=cholesky
2026-03-28 12:05:02,019 - INFO -     skew -> skew_20250120_cholesky_euler.png
2026-03-28 12:05:02,415 - INFO -     heatmap -> residuals_heatmap_20250120_cholesky_euler.png
2026-03-28 12:05:02,573 - INFO -     hist   -> residuals_hist_20250120_cholesky_euler.png
2026-03-28 12:05:02,940 - INFO -     3d     -> iv_surface_3d_20250120_cholesky_euler.png
2026-03-28 12:05:02,941 - INFO - 
  [cholesky_euler] 20250121  H=0.1307 eta=3.947 rho=-0.008
2026-03-28 12:05:06,552 - INFO - Surface @ 2025-01-21 12:00:00: 90 points, TTM range [0.027, 0.180] years
2026-03-28 12:05:06,553 - INFO - rBergomiPricer initialized: H=0.131, eta=3.95, rho=-0.01, xi=0.3549, n_paths=50,000, n_steps=100, scheme=cholesky
2026-03-28 12:05:10,176 - INFO -     skew -> skew_20250121_cholesky_euler.png
2026-03-28 12:05:10,337 - INFO -     heatmap -> residuals_heatmap_20250121_cholesky_euler.png
2026-03-28 12:05:10,466 - INFO -     hist   -> residuals_hist_20250121_cholesky_euler.png
2026-03-28 12:05:10,764 - INFO -     3d     -> iv_surface_3d_20250121_cholesky_euler.png
2026-03-28 12:05:10,764 - INFO - 
  [cholesky_euler] 20250203  H=0.0644 eta=3.300 rho=-0.674
2026-03-28 12:05:15,210 - INFO - Surface @ 2025-02-03 12:00:00: 106 points, TTM range [0.030, 0.221] years
2026-03-28 12:05:15,213 - INFO - rBergomiPricer initialized: H=0.064, eta=3.30, rho=-0.67, xi=0.3112, n_paths=50,000, n_steps=100, scheme=cholesky
2026-03-28 12:05:19,599 - INFO -     skew -> skew_20250203_cholesky_euler.png
2026-03-28 12:05:19,810 - INFO -     heatmap -> residuals_heatmap_20250203_cholesky_euler.png
2026-03-28 12:05:19,977 - INFO -     hist   -> residuals_hist_20250203_cholesky_euler.png
2026-03-28 12:05:20,307 - INFO -     3d     -> iv_surface_3d_20250203_cholesky_euler.png
2026-03-28 12:05:20,307 - INFO - 
------------------------------------------------------------
2026-03-28 12:05:20,307 - INFO -   METHOD: Hybrid + Euler
2026-03-28 12:05:20,307 - INFO - ------------------------------------------------------------
2026-03-28 12:05:20,333 - INFO -   Loaded 30 calibration results.
2026-03-28 12:05:20,333 - INFO - 
  [hybrid_euler] 20220508  H=0.0100 eta=2.958 rho=0.000
2026-03-28 12:05:21,509 - INFO - Surface @ 2022-05-08 12:00:00: 33 points, TTM range [0.033, 0.224] years
2026-03-28 12:05:21,510 - INFO - rBergomiPricer initialized: H=0.010, eta=2.96, rho=0.00, xi=0.3544, n_paths=50,000, n_steps=100, scheme=hybrid
2026-03-28 12:05:22,823 - INFO -     skew -> skew_20220508_hybrid_euler.png
2026-03-28 12:05:23,073 - INFO -     heatmap -> residuals_heatmap_20220508_hybrid_euler.png
2026-03-28 12:05:23,228 - INFO -     hist   -> residuals_hist_20220508_hybrid_euler.png
2026-03-28 12:05:23,567 - INFO -     3d     -> iv_surface_3d_20220508_hybrid_euler.png
2026-03-28 12:05:23,567 - INFO - 
  [hybrid_euler] 20220509  H=0.0100 eta=2.763 rho=0.000
2026-03-28 12:05:25,423 - INFO - Surface @ 2022-05-09 12:00:00: 40 points, TTM range [0.030, 0.222] years
2026-03-28 12:05:25,424 - INFO - rBergomiPricer initialized: H=0.010, eta=2.76, rho=0.00, xi=0.4452, n_paths=50,000, n_steps=100, scheme=hybrid
2026-03-28 12:05:26,844 - INFO -     skew -> skew_20220509_hybrid_euler.png
2026-03-28 12:05:27,046 - INFO -     heatmap -> residuals_heatmap_20220509_hybrid_euler.png
2026-03-28 12:05:27,153 - INFO -     hist   -> residuals_hist_20220509_hybrid_euler.png
2026-03-28 12:05:27,695 - INFO -     3d     -> iv_surface_3d_20220509_hybrid_euler.png
2026-03-28 12:05:27,696 - INFO - 
  [hybrid_euler] 20220510  H=0.1775 eta=3.896 rho=-0.809
2026-03-28 12:05:30,091 - INFO - Surface @ 2022-05-10 12:00:00: 44 points, TTM range [0.027, 0.219] years
2026-03-28 12:05:30,094 - INFO - rBergomiPricer initialized: H=0.177, eta=3.90, rho=-0.81, xi=0.5082, n_paths=50,000, n_steps=100, scheme=hybrid
2026-03-28 12:05:31,471 - INFO -     skew -> skew_20220510_hybrid_euler.png
2026-03-28 12:05:31,708 - INFO -     heatmap -> residuals_heatmap_20220510_hybrid_euler.png
2026-03-28 12:05:31,881 - INFO -     hist   -> residuals_hist_20220510_hybrid_euler.png
2026-03-28 12:05:32,199 - INFO -     3d     -> iv_surface_3d_20220510_hybrid_euler.png
2026-03-28 12:05:32,200 - INFO - 
  [hybrid_euler] 20220618  H=0.0594 eta=3.633 rho=-0.665
2026-03-28 12:05:34,777 - INFO - Surface @ 2022-06-18 12:00:00: 47 points, TTM range [0.035, 0.189] years
2026-03-28 12:05:34,780 - INFO - rBergomiPricer initialized: H=0.059, eta=3.63, rho=-0.67, xi=1.1829, n_paths=50,000, n_steps=100, scheme=hybrid
2026-03-28 12:05:36,230 - INFO -     skew -> skew_20220618_hybrid_euler.png
2026-03-28 12:05:36,230 - WARNING -     heatmap: too few valid model IVs for 20220618 hybrid_euler
2026-03-28 12:05:36,377 - INFO -     3d     -> iv_surface_3d_20220618_hybrid_euler.png
2026-03-28 12:05:36,377 - INFO - 
  [hybrid_euler] 20220702  H=0.4308 eta=3.565 rho=-0.881
2026-03-28 12:05:38,493 - INFO - Surface @ 2022-07-02 12:00:00: 36 points, TTM range [0.035, 0.246] years
2026-03-28 12:05:38,494 - INFO - rBergomiPricer initialized: H=0.431, eta=3.57, rho=-0.88, xi=0.6378, n_paths=50,000, n_steps=100, scheme=hybrid
2026-03-28 12:05:40,188 - INFO -     skew -> skew_20220702_hybrid_euler.png
2026-03-28 12:05:40,369 - INFO -     heatmap -> residuals_heatmap_20220702_hybrid_euler.png
2026-03-28 12:05:40,498 - INFO -     hist   -> residuals_hist_20220702_hybrid_euler.png
2026-03-28 12:05:40,921 - INFO -     3d     -> iv_surface_3d_20220702_hybrid_euler.png
2026-03-28 12:05:40,921 - INFO - 
  [hybrid_euler] 20221107  H=0.0100 eta=3.203 rho=0.000
2026-03-28 12:05:43,263 - INFO - Surface @ 2022-11-07 12:00:00: 43 points, TTM range [0.030, 0.221] years
2026-03-28 12:05:43,264 - INFO - rBergomiPricer initialized: H=0.010, eta=3.20, rho=0.00, xi=0.2417, n_paths=50,000, n_steps=100, scheme=hybrid
2026-03-28 12:05:44,726 - INFO -     skew -> skew_20221107_hybrid_euler.png
2026-03-28 12:05:44,998 - INFO -     heatmap -> residuals_heatmap_20221107_hybrid_euler.png
2026-03-28 12:05:45,122 - INFO -     hist   -> residuals_hist_20221107_hybrid_euler.png
2026-03-28 12:05:45,433 - INFO -     3d     -> iv_surface_3d_20221107_hybrid_euler.png
2026-03-28 12:05:45,433 - INFO - 
  [hybrid_euler] 20221108  H=0.0100 eta=3.056 rho=0.000
2026-03-28 12:05:47,950 - INFO - Surface @ 2022-11-08 12:00:00: 43 points, TTM range [0.027, 0.219] years
2026-03-28 12:05:47,952 - INFO - rBergomiPricer initialized: H=0.010, eta=3.06, rho=0.00, xi=0.3496, n_paths=50,000, n_steps=100, scheme=hybrid
2026-03-28 12:05:49,325 - INFO -     skew -> skew_20221108_hybrid_euler.png
2026-03-28 12:05:49,551 - INFO -     heatmap -> residuals_heatmap_20221108_hybrid_euler.png
2026-03-28 12:05:49,693 - INFO -     hist   -> residuals_hist_20221108_hybrid_euler.png
2026-03-28 12:05:50,022 - INFO -     3d     -> iv_surface_3d_20221108_hybrid_euler.png
2026-03-28 12:05:50,022 - INFO - 
  [hybrid_euler] 20221109  H=0.2188 eta=3.847 rho=-0.808
2026-03-28 12:05:52,571 - INFO - Surface @ 2022-11-09 12:00:00: 39 points, TTM range [0.024, 0.216] years
2026-03-28 12:05:52,572 - INFO - rBergomiPricer initialized: H=0.219, eta=3.85, rho=-0.81, xi=0.9495, n_paths=50,000, n_steps=100, scheme=hybrid
2026-03-28 12:05:53,944 - INFO -     skew -> skew_20221109_hybrid_euler.png
2026-03-28 12:05:54,139 - INFO -     heatmap -> residuals_heatmap_20221109_hybrid_euler.png
2026-03-28 12:05:54,270 - INFO -     hist   -> residuals_hist_20221109_hybrid_euler.png
2026-03-28 12:05:54,609 - INFO -     3d     -> iv_surface_3d_20221109_hybrid_euler.png
2026-03-28 12:05:54,609 - INFO - 
  [hybrid_euler] 20221116  H=0.1520 eta=3.847 rho=-0.808
2026-03-28 12:05:56,777 - INFO - Surface @ 2022-11-16 12:00:00: 37 points, TTM range [0.024, 0.197] years
2026-03-28 12:05:56,779 - INFO - rBergomiPricer initialized: H=0.152, eta=3.85, rho=-0.81, xi=0.5627, n_paths=50,000, n_steps=100, scheme=hybrid
2026-03-28 12:05:58,104 - INFO -     skew -> skew_20221116_hybrid_euler.png
2026-03-28 12:05:58,283 - INFO -     heatmap -> residuals_heatmap_20221116_hybrid_euler.png
2026-03-28 12:05:58,403 - INFO -     hist   -> residuals_hist_20221116_hybrid_euler.png
2026-03-28 12:05:58,714 - INFO -     3d     -> iv_surface_3d_20221116_hybrid_euler.png
2026-03-28 12:05:58,715 - INFO - 
  [hybrid_euler] 20221217  H=0.3171 eta=2.692 rho=-0.990
2026-03-28 12:06:00,858 - INFO - Surface @ 2022-12-17 12:00:00: 32 points, TTM range [0.035, 0.189] years
2026-03-28 12:06:00,859 - INFO - rBergomiPricer initialized: H=0.317, eta=2.69, rho=-0.99, xi=0.2695, n_paths=50,000, n_steps=100, scheme=hybrid
2026-03-28 12:06:02,187 - INFO -     skew -> skew_20221217_hybrid_euler.png
2026-03-28 12:06:02,369 - INFO -     heatmap -> residuals_heatmap_20221217_hybrid_euler.png
2026-03-28 12:06:02,517 - INFO -     hist   -> residuals_hist_20221217_hybrid_euler.png
2026-03-28 12:06:02,870 - INFO -     3d     -> iv_surface_3d_20221217_hybrid_euler.png
2026-03-28 12:06:02,870 - INFO - 
  [hybrid_euler] 20230309  H=0.2418 eta=2.413 rho=-0.627
2026-03-28 12:06:05,386 - INFO - Surface @ 2023-03-09 12:00:00: 56 points, TTM range [0.022, 0.213] years
2026-03-28 12:06:05,387 - INFO - rBergomiPricer initialized: H=0.242, eta=2.41, rho=-0.63, xi=0.2018, n_paths=50,000, n_steps=100, scheme=hybrid
2026-03-28 12:06:07,100 - INFO -     skew -> skew_20230309_hybrid_euler.png
2026-03-28 12:06:07,324 - INFO -     heatmap -> residuals_heatmap_20230309_hybrid_euler.png
2026-03-28 12:06:07,447 - INFO -     hist   -> residuals_hist_20230309_hybrid_euler.png
2026-03-28 12:06:07,798 - INFO -     3d     -> iv_surface_3d_20230309_hybrid_euler.png
2026-03-28 12:06:07,799 - INFO - 
  [hybrid_euler] 20230310  H=0.1858 eta=1.446 rho=-0.990
2026-03-28 12:06:10,603 - INFO - Surface @ 2023-03-10 12:00:00: 39 points, TTM range [0.038, 0.210] years
2026-03-28 12:06:10,606 - INFO - rBergomiPricer initialized: H=0.186, eta=1.45, rho=-0.99, xi=0.2680, n_paths=50,000, n_steps=100, scheme=hybrid
2026-03-28 12:06:12,019 - INFO -     skew -> skew_20230310_hybrid_euler.png
2026-03-28 12:06:12,211 - INFO -     heatmap -> residuals_heatmap_20230310_hybrid_euler.png
2026-03-28 12:06:12,346 - INFO -     hist   -> residuals_hist_20230310_hybrid_euler.png
2026-03-28 12:06:12,706 - INFO -     3d     -> iv_surface_3d_20230310_hybrid_euler.png
2026-03-28 12:06:12,706 - INFO - 
  [hybrid_euler] 20230311  H=0.2396 eta=1.754 rho=-0.990
2026-03-28 12:06:15,676 - INFO - Surface @ 2023-03-11 12:00:00: 43 points, TTM range [0.035, 0.208] years
2026-03-28 12:06:15,678 - INFO - rBergomiPricer initialized: H=0.240, eta=1.75, rho=-0.99, xi=0.3064, n_paths=50,000, n_steps=100, scheme=hybrid
2026-03-28 12:06:17,186 - INFO -     skew -> skew_20230311_hybrid_euler.png
2026-03-28 12:06:17,354 - INFO -     heatmap -> residuals_heatmap_20230311_hybrid_euler.png
2026-03-28 12:06:17,476 - INFO -     hist   -> residuals_hist_20230311_hybrid_euler.png
2026-03-28 12:06:17,804 - INFO -     3d     -> iv_surface_3d_20230311_hybrid_euler.png
2026-03-28 12:06:17,804 - INFO - 
  [hybrid_euler] 20230812  H=0.1312 eta=2.308 rho=-0.194
2026-03-28 12:06:20,588 - INFO - Surface @ 2023-08-12 12:00:00: 44 points, TTM range [0.035, 0.208] years
2026-03-28 12:06:20,590 - INFO - rBergomiPricer initialized: H=0.131, eta=2.31, rho=-0.19, xi=0.0678, n_paths=50,000, n_steps=100, scheme=hybrid
2026-03-28 12:06:21,956 - INFO -     skew -> skew_20230812_hybrid_euler.png
2026-03-28 12:06:22,150 - INFO -     heatmap -> residuals_heatmap_20230812_hybrid_euler.png
2026-03-28 12:06:22,299 - INFO -     hist   -> residuals_hist_20230812_hybrid_euler.png
2026-03-28 12:06:22,613 - INFO -     3d     -> iv_surface_3d_20230812_hybrid_euler.png
2026-03-28 12:06:22,613 - INFO - 
  [hybrid_euler] 20230930  H=0.1622 eta=2.299 rho=-0.526
2026-03-28 12:06:25,492 - INFO - Surface @ 2023-09-30 12:00:00: 62 points, TTM range [0.035, 0.246] years
2026-03-28 12:06:25,495 - INFO - rBergomiPricer initialized: H=0.162, eta=2.30, rho=-0.53, xi=0.0781, n_paths=50,000, n_steps=100, scheme=hybrid
2026-03-28 12:06:27,174 - INFO -     skew -> skew_20230930_hybrid_euler.png
2026-03-28 12:06:27,372 - INFO -     heatmap -> residuals_heatmap_20230930_hybrid_euler.png
2026-03-28 12:06:27,500 - INFO -     hist   -> residuals_hist_20230930_hybrid_euler.png
2026-03-28 12:06:27,800 - INFO -     3d     -> iv_surface_3d_20230930_hybrid_euler.png
2026-03-28 12:06:27,800 - INFO - 
  [hybrid_euler] 20240109  H=0.2902 eta=2.034 rho=0.000
2026-03-28 12:06:31,827 - INFO - Surface @ 2024-01-09 12:00:00: 71 points, TTM range [0.027, 0.219] years
2026-03-28 12:06:31,829 - INFO - rBergomiPricer initialized: H=0.290, eta=2.03, rho=0.00, xi=0.4286, n_paths=50,000, n_steps=100, scheme=hybrid
2026-03-28 12:06:33,164 - INFO -     skew -> skew_20240109_hybrid_euler.png
2026-03-28 12:06:33,324 - INFO -     heatmap -> residuals_heatmap_20240109_hybrid_euler.png
2026-03-28 12:06:33,446 - INFO -     hist   -> residuals_hist_20240109_hybrid_euler.png
2026-03-28 12:06:34,039 - INFO -     3d     -> iv_surface_3d_20240109_hybrid_euler.png
2026-03-28 12:06:34,040 - INFO - 
  [hybrid_euler] 20240110  H=0.0100 eta=2.730 rho=0.000
2026-03-28 12:06:38,379 - INFO - Surface @ 2024-01-10 12:00:00: 77 points, TTM range [0.024, 0.216] years
2026-03-28 12:06:38,380 - INFO - rBergomiPricer initialized: H=0.010, eta=2.73, rho=0.00, xi=0.4471, n_paths=50,000, n_steps=100, scheme=hybrid
2026-03-28 12:06:39,860 - INFO -     skew -> skew_20240110_hybrid_euler.png
2026-03-28 12:06:40,038 - INFO -     heatmap -> residuals_heatmap_20240110_hybrid_euler.png
2026-03-28 12:06:40,152 - INFO -     hist   -> residuals_hist_20240110_hybrid_euler.png
2026-03-28 12:06:40,560 - INFO -     3d     -> iv_surface_3d_20240110_hybrid_euler.png
2026-03-28 12:06:40,560 - INFO - 
  [hybrid_euler] 20240111  H=0.0100 eta=3.405 rho=0.000
2026-03-28 12:06:45,142 - INFO - Surface @ 2024-01-11 12:00:00: 94 points, TTM range [0.022, 0.213] years
2026-03-28 12:06:45,144 - INFO - rBergomiPricer initialized: H=0.010, eta=3.40, rho=0.00, xi=0.3386, n_paths=50,000, n_steps=100, scheme=hybrid
2026-03-28 12:06:46,797 - INFO -     skew -> skew_20240111_hybrid_euler.png
2026-03-28 12:06:46,994 - INFO -     heatmap -> residuals_heatmap_20240111_hybrid_euler.png
2026-03-28 12:06:47,160 - INFO -     hist   -> residuals_hist_20240111_hybrid_euler.png
2026-03-28 12:06:47,173 - WARNING -   3D surface failed: QH6154 Qhull precision error: Initial simplex is flat (facet 1 is coplanar with the interior point)

While executing:  | qhull d Q12 Qbb Qt Qz Qc
Options selected for Qhull 2020.2.r 2020/08/31:
  run-id 915416466  delaunay  Q12-allow-wide  Qbbound-last  Qtriangulate
  Qz-infinity-point  Qcoplanar-keep  _pre-merge  _zero-centrum  Qinterior-keep
  Pgood  _max-width 0.35  Error-roundoff 1.1e-14  _one-merge 7.6e-14
  Visible-distance 2.2e-14  U-max-coplanar 2.2e-14  Width-outside 4.4e-14
  _wide-facet 1.3e-13  _maxoutside 8.7e-14

The input to qhull appears to be less than 3 dimensional, or a
computation has overflowed.

Qhull could not construct a clearly convex simplex from points:
- p12(v4):  0.99   7.9  0.36
- p24(v3):  0.98   7.9   7.9
- p23(v2):   1.2   7.9  0.79
- p0(v1):  0.81   7.9     0

The center point is coplanar with a facet, or a vertex is coplanar
with a neighboring facet.  The maximum round off error for
computing distances is 1.1e-14.  The center point, facets and distances
to the center point are as follows:

center point   0.9883     7.87    2.253

facet p24 p23 p0 distance= -1.8e-16
facet p12 p23 p0 distance= 8.9e-16
facet p12 p24 p0 distance= 1.7e-16
facet p12 p24 p23 distance= 1.7e-16

These points either have a maximum or minimum x-coordinate, or
they maximize the determinant for k coordinates.  Trial points
are first selected from points that maximize a coordinate.

The min and max coordinates for each dimension are:
  0:    0.8138     1.168  difference= 0.3545
  1:      7.87      7.87  difference= 3.553e-15
  2:         0      7.87  difference= 7.87

If the input should be full dimensional, you have several options that
may determine an initial simplex:
  - use 'QJ'  to joggle the input and make it full dimensional
  - use 'QbB' to scale the points to the unit cube
  - use 'QR0' to randomly rotate the input for different maximum points
  - use 'Qs'  to search all points for the initial simplex
  - use 'En'  to specify a maximum roundoff error less than 1.1e-14.
  - trace execution with 'T3' to see the determinant for each point.

If the input is lower dimensional:
  - use 'QJ' to joggle the input and make it full dimensional
  - use 'Qbk:0Bk:0' to delete coordinate k from the input.  You should
    pick the coordinate with the least range.  The hull will have the
    correct topology.
  - determine the flat containing the points, rotate the points
    into a coordinate plane, and delete the other coordinates.
  - add one or more points to make the input full dimensional.

2026-03-28 12:06:47,173 - INFO - 
  [hybrid_euler] 20240210  H=0.0100 eta=2.881 rho=-0.066
2026-03-28 12:06:51,109 - INFO - Surface @ 2024-02-10 12:00:00: 67 points, TTM range [0.035, 0.208] years
2026-03-28 12:06:51,110 - INFO - rBergomiPricer initialized: H=0.010, eta=2.88, rho=-0.07, xi=0.1781, n_paths=50,000, n_steps=100, scheme=hybrid
2026-03-28 12:06:52,940 - INFO -     skew -> skew_20240210_hybrid_euler.png
2026-03-28 12:06:53,184 - INFO -     heatmap -> residuals_heatmap_20240210_hybrid_euler.png
2026-03-28 12:06:53,386 - INFO -     hist   -> residuals_hist_20240210_hybrid_euler.png
2026-03-28 12:06:53,801 - INFO -     3d     -> iv_surface_3d_20240210_hybrid_euler.png
2026-03-28 12:06:53,801 - INFO - 
  [hybrid_euler] 20240419  H=0.0100 eta=2.611 rho=0.000
2026-03-28 12:06:57,726 - INFO - Surface @ 2024-04-19 12:00:00: 81 points, TTM range [0.038, 0.191] years
2026-03-28 12:06:57,727 - INFO - rBergomiPricer initialized: H=0.010, eta=2.61, rho=0.00, xi=0.4696, n_paths=50,000, n_steps=100, scheme=hybrid
2026-03-28 12:06:59,088 - INFO -     skew -> skew_20240419_hybrid_euler.png
2026-03-28 12:06:59,267 - INFO -     heatmap -> residuals_heatmap_20240419_hybrid_euler.png
2026-03-28 12:06:59,407 - INFO -     hist   -> residuals_hist_20240419_hybrid_euler.png
2026-03-28 12:06:59,784 - INFO -     3d     -> iv_surface_3d_20240419_hybrid_euler.png
2026-03-28 12:06:59,784 - INFO - 
  [hybrid_euler] 20240420  H=0.4900 eta=0.300 rho=-0.838
2026-03-28 12:07:04,176 - INFO - Surface @ 2024-04-20 12:00:00: 65 points, TTM range [0.035, 0.189] years
2026-03-28 12:07:04,178 - INFO - rBergomiPricer initialized: H=0.490, eta=0.30, rho=-0.84, xi=0.4339, n_paths=50,000, n_steps=100, scheme=hybrid
2026-03-28 12:07:05,631 - INFO -     skew -> skew_20240420_hybrid_euler.png
2026-03-28 12:07:05,809 - INFO -     heatmap -> residuals_heatmap_20240420_hybrid_euler.png
2026-03-28 12:07:05,946 - INFO -     hist   -> residuals_hist_20240420_hybrid_euler.png
2026-03-28 12:07:06,335 - INFO -     3d     -> iv_surface_3d_20240420_hybrid_euler.png
2026-03-28 12:07:06,335 - INFO - 
  [hybrid_euler] 20240421  H=0.4900 eta=0.300 rho=-0.844
2026-03-28 12:07:11,388 - INFO - Surface @ 2024-04-21 12:00:00: 70 points, TTM range [0.033, 0.186] years
2026-03-28 12:07:11,389 - INFO - rBergomiPricer initialized: H=0.490, eta=0.30, rho=-0.84, xi=0.4832, n_paths=50,000, n_steps=100, scheme=hybrid
2026-03-28 12:07:13,138 - INFO -     skew -> skew_20240421_hybrid_euler.png
2026-03-28 12:07:13,304 - INFO -     heatmap -> residuals_heatmap_20240421_hybrid_euler.png
2026-03-28 12:07:13,420 - INFO -     hist   -> residuals_hist_20240421_hybrid_euler.png
2026-03-28 12:07:13,711 - INFO -     3d     -> iv_surface_3d_20240421_hybrid_euler.png
2026-03-28 12:07:13,711 - INFO - 
  [hybrid_euler] 20240914  H=0.0100 eta=3.231 rho=0.000
2026-03-28 12:07:17,545 - INFO - Surface @ 2024-09-14 12:00:00: 74 points, TTM range [0.035, 0.208] years
2026-03-28 12:07:17,546 - INFO - rBergomiPricer initialized: H=0.010, eta=3.23, rho=0.00, xi=0.2322, n_paths=50,000, n_steps=100, scheme=hybrid
2026-03-28 12:07:19,138 - INFO -     skew -> skew_20240914_hybrid_euler.png
2026-03-28 12:07:19,377 - INFO -     heatmap -> residuals_heatmap_20240914_hybrid_euler.png
2026-03-28 12:07:19,515 - INFO -     hist   -> residuals_hist_20240914_hybrid_euler.png
2026-03-28 12:07:19,981 - INFO -     3d     -> iv_surface_3d_20240914_hybrid_euler.png
2026-03-28 12:07:19,981 - INFO - 
  [hybrid_euler] 20241204  H=0.0294 eta=2.679 rho=0.000
2026-03-28 12:07:23,278 - INFO - Surface @ 2024-12-04 12:00:00: 107 points, TTM range [0.024, 0.235] years
2026-03-28 12:07:23,279 - INFO - rBergomiPricer initialized: H=0.029, eta=2.68, rho=0.00, xi=0.2674, n_paths=50,000, n_steps=100, scheme=hybrid
2026-03-28 12:07:24,985 - INFO -     skew -> skew_20241204_hybrid_euler.png
2026-03-28 12:07:25,174 - INFO -     heatmap -> residuals_heatmap_20241204_hybrid_euler.png
2026-03-28 12:07:25,307 - INFO -     hist   -> residuals_hist_20241204_hybrid_euler.png
2026-03-28 12:07:25,702 - INFO -     3d     -> iv_surface_3d_20241204_hybrid_euler.png
2026-03-28 12:07:25,702 - INFO - 
  [hybrid_euler] 20241205  H=0.0100 eta=3.340 rho=0.000
2026-03-28 12:07:29,356 - INFO - Surface @ 2024-12-05 12:00:00: 126 points, TTM range [0.022, 0.232] years
2026-03-28 12:07:29,358 - INFO - rBergomiPricer initialized: H=0.010, eta=3.34, rho=0.00, xi=0.3175, n_paths=50,000, n_steps=100, scheme=hybrid
2026-03-28 12:07:30,985 - INFO -     skew -> skew_20241205_hybrid_euler.png
2026-03-28 12:07:31,184 - INFO -     heatmap -> residuals_heatmap_20241205_hybrid_euler.png
2026-03-28 12:07:31,381 - INFO -     hist   -> residuals_hist_20241205_hybrid_euler.png
2026-03-28 12:07:31,736 - INFO -     3d     -> iv_surface_3d_20241205_hybrid_euler.png
2026-03-28 12:07:31,736 - INFO - 
  [hybrid_euler] 20241206  H=0.4900 eta=0.300 rho=-0.862
2026-03-28 12:07:35,937 - INFO - Surface @ 2024-12-06 12:00:00: 93 points, TTM range [0.038, 0.230] years
2026-03-28 12:07:35,938 - INFO - rBergomiPricer initialized: H=0.490, eta=0.30, rho=-0.86, xi=0.2810, n_paths=50,000, n_steps=100, scheme=hybrid
2026-03-28 12:07:37,449 - INFO -     skew -> skew_20241206_hybrid_euler.png
2026-03-28 12:07:37,645 - INFO -     heatmap -> residuals_heatmap_20241206_hybrid_euler.png
2026-03-28 12:07:37,827 - INFO -     hist   -> residuals_hist_20241206_hybrid_euler.png
2026-03-28 12:07:38,134 - INFO -     3d     -> iv_surface_3d_20241206_hybrid_euler.png
2026-03-28 12:07:38,135 - INFO - 
  [hybrid_euler] 20250119  H=0.3336 eta=2.440 rho=0.000
2026-03-28 12:07:42,375 - INFO - Surface @ 2025-01-19 12:00:00: 90 points, TTM range [0.033, 0.186] years
2026-03-28 12:07:42,376 - INFO - rBergomiPricer initialized: H=0.334, eta=2.44, rho=0.00, xi=0.4207, n_paths=50,000, n_steps=100, scheme=hybrid
2026-03-28 12:07:43,834 - INFO -     skew -> skew_20250119_hybrid_euler.png
2026-03-28 12:07:44,030 - INFO -     heatmap -> residuals_heatmap_20250119_hybrid_euler.png
2026-03-28 12:07:44,184 - INFO -     hist   -> residuals_hist_20250119_hybrid_euler.png
2026-03-28 12:07:44,512 - INFO -     3d     -> iv_surface_3d_20250119_hybrid_euler.png
2026-03-28 12:07:44,512 - INFO - 
  [hybrid_euler] 20250120  H=0.0100 eta=2.708 rho=0.000
2026-03-28 12:07:48,564 - INFO - Surface @ 2025-01-20 12:00:00: 92 points, TTM range [0.030, 0.183] years
2026-03-28 12:07:48,567 - INFO - rBergomiPricer initialized: H=0.010, eta=2.71, rho=0.00, xi=0.4726, n_paths=50,000, n_steps=100, scheme=hybrid
2026-03-28 12:07:50,018 - INFO -     skew -> skew_20250120_hybrid_euler.png
2026-03-28 12:07:50,251 - INFO -     heatmap -> residuals_heatmap_20250120_hybrid_euler.png
2026-03-28 12:07:50,356 - INFO -     hist   -> residuals_hist_20250120_hybrid_euler.png
2026-03-28 12:07:50,713 - INFO -     3d     -> iv_surface_3d_20250120_hybrid_euler.png
2026-03-28 12:07:50,713 - INFO - 
  [hybrid_euler] 20250121  H=0.0100 eta=2.985 rho=0.000
2026-03-28 12:07:54,589 - INFO - Surface @ 2025-01-21 12:00:00: 90 points, TTM range [0.027, 0.180] years
2026-03-28 12:07:54,590 - INFO - rBergomiPricer initialized: H=0.010, eta=2.98, rho=0.00, xi=0.3549, n_paths=50,000, n_steps=100, scheme=hybrid
2026-03-28 12:07:56,075 - INFO -     skew -> skew_20250121_hybrid_euler.png
2026-03-28 12:07:56,294 - INFO -     heatmap -> residuals_heatmap_20250121_hybrid_euler.png
2026-03-28 12:07:56,429 - INFO -     hist   -> residuals_hist_20250121_hybrid_euler.png
2026-03-28 12:07:56,770 - INFO -     3d     -> iv_surface_3d_20250121_hybrid_euler.png
2026-03-28 12:07:56,770 - INFO - 
  [hybrid_euler] 20250203  H=0.0100 eta=3.708 rho=0.000
2026-03-28 12:08:00,175 - INFO - Surface @ 2025-02-03 12:00:00: 106 points, TTM range [0.030, 0.221] years
2026-03-28 12:08:00,180 - INFO - rBergomiPricer initialized: H=0.010, eta=3.71, rho=0.00, xi=0.3112, n_paths=50,000, n_steps=100, scheme=hybrid
2026-03-28 12:08:01,901 - INFO -     skew -> skew_20250203_hybrid_euler.png
2026-03-28 12:08:02,082 - INFO -     heatmap -> residuals_heatmap_20250203_hybrid_euler.png
2026-03-28 12:08:02,223 - INFO -     hist   -> residuals_hist_20250203_hybrid_euler.png
2026-03-28 12:08:02,234 - WARNING -   3D surface failed: QH6154 Qhull precision error: Initial simplex is flat (facet 1 is coplanar with the interior point)

While executing:  | qhull d Q12 Qbb Qt Qz Qc
Options selected for Qhull 2020.2.r 2020/08/31:
  run-id 916676991  delaunay  Q12-allow-wide  Qbbound-last  Qtriangulate
  Qz-infinity-point  Qcoplanar-keep  _pre-merge  _zero-centrum  Qinterior-keep
  Pgood  _max-width 0.36  Error-roundoff 1.5e-14  _one-merge 1.1e-13
  Visible-distance 3e-14  U-max-coplanar 3e-14  Width-outside 6e-14
  _wide-facet 1.8e-13  _maxoutside 1.2e-13

The input to qhull appears to be less than 3 dimensional, or a
computation has overflowed.

Qhull could not construct a clearly convex simplex from points:
- p11(v4):     1    11   0.3
- p28(v3):   1.1    11    11
- p27(v2):   1.2    11  0.63
- p0(v1):  0.84    11     0

The center point is coplanar with a facet, or a vertex is coplanar
with a neighboring facet.  The maximum round off error for
computing distances is 1.5e-14.  The center point, facets and distances
to the center point are as follows:

center point    1.031    10.87    2.948

facet p28 p27 p0 distance= 1.5e-15
facet p11 p27 p0 distance=    0
facet p11 p28 p0 distance= -1.5e-15
facet p11 p28 p27 distance= -1.5e-15

These points either have a maximum or minimum x-coordinate, or
they maximize the determinant for k coordinates.  Trial points
are first selected from points that maximize a coordinate.

The min and max coordinates for each dimension are:
  0:    0.8425       1.2  difference= 0.3574
  1:     10.87     10.87  difference= 5.329e-15
  2:         0     10.87  difference= 10.87

If the input should be full dimensional, you have several options that
may determine an initial simplex:
  - use 'QJ'  to joggle the input and make it full dimensional
  - use 'QbB' to scale the points to the unit cube
  - use 'QR0' to randomly rotate the input for different maximum points
  - use 'Qs'  to search all points for the initial simplex
  - use 'En'  to specify a maximum roundoff error less than 1.5e-14.
  - trace execution with 'T3' to see the determinant for each point.

If the input is lower dimensional:
  - use 'QJ' to joggle the input and make it full dimensional
  - use 'Qbk:0Bk:0' to delete coordinate k from the input.  You should
    pick the coordinate with the least range.  The hull will have the
    correct topology.
  - determine the flat containing the points, rotate the points
    into a coordinate plane, and delete the other coordinates.
  - add one or more points to make the input full dimensional.

2026-03-28 12:08:02,234 - INFO - 
------------------------------------------------------------
2026-03-28 12:08:02,234 - INFO -   METHOD: Hybrid + Mixed
2026-03-28 12:08:02,234 - INFO - ------------------------------------------------------------
2026-03-28 12:08:02,258 - INFO -   Loaded 30 calibration results.
2026-03-28 12:08:02,259 - INFO - 
  [hybrid_mixed] 20220508  H=0.0100 eta=1.059 rho=-0.321
2026-03-28 12:08:04,303 - INFO - Surface @ 2022-05-08 12:00:00: 33 points, TTM range [0.033, 0.224] years
2026-03-28 12:08:04,304 - INFO - rBergomiPricer initialized: H=0.010, eta=1.06, rho=-0.32, xi=0.3544, n_paths=50,000, n_steps=100, scheme=hybrid
2026-03-28 12:08:05,498 - INFO -     skew -> skew_20220508_hybrid_mixed.png
2026-03-28 12:08:05,684 - INFO -     heatmap -> residuals_heatmap_20220508_hybrid_mixed.png
2026-03-28 12:08:05,844 - INFO -     hist   -> residuals_hist_20220508_hybrid_mixed.png
2026-03-28 12:08:06,140 - INFO -     3d     -> iv_surface_3d_20220508_hybrid_mixed.png
2026-03-28 12:08:06,140 - INFO - 
  [hybrid_mixed] 20220509  H=0.0100 eta=1.675 rho=-0.572
2026-03-28 12:08:07,888 - INFO - Surface @ 2022-05-09 12:00:00: 40 points, TTM range [0.030, 0.222] years
2026-03-28 12:08:07,890 - INFO - rBergomiPricer initialized: H=0.010, eta=1.67, rho=-0.57, xi=0.4452, n_paths=50,000, n_steps=100, scheme=hybrid
2026-03-28 12:08:08,888 - INFO -     skew -> skew_20220509_hybrid_mixed.png
2026-03-28 12:08:09,122 - INFO -     heatmap -> residuals_heatmap_20220509_hybrid_mixed.png
2026-03-28 12:08:09,254 - INFO -     hist   -> residuals_hist_20220509_hybrid_mixed.png
2026-03-28 12:08:09,579 - INFO -     3d     -> iv_surface_3d_20220509_hybrid_mixed.png
2026-03-28 12:08:09,579 - INFO - 
  [hybrid_mixed] 20220510  H=0.0100 eta=1.782 rho=-0.507
2026-03-28 12:08:11,432 - INFO - Surface @ 2022-05-10 12:00:00: 44 points, TTM range [0.027, 0.219] years
2026-03-28 12:08:11,433 - INFO - rBergomiPricer initialized: H=0.010, eta=1.78, rho=-0.51, xi=0.5082, n_paths=50,000, n_steps=100, scheme=hybrid
2026-03-28 12:08:12,418 - INFO -     skew -> skew_20220510_hybrid_mixed.png
2026-03-28 12:08:12,630 - INFO -     heatmap -> residuals_heatmap_20220510_hybrid_mixed.png
2026-03-28 12:08:12,759 - INFO -     hist   -> residuals_hist_20220510_hybrid_mixed.png
2026-03-28 12:08:13,213 - INFO -     3d     -> iv_surface_3d_20220510_hybrid_mixed.png
2026-03-28 12:08:13,213 - INFO - 
  [hybrid_mixed] 20220618  H=0.0139 eta=1.413 rho=-0.990
2026-03-28 12:08:16,106 - INFO - Surface @ 2022-06-18 12:00:00: 47 points, TTM range [0.035, 0.189] years
2026-03-28 12:08:16,109 - INFO - rBergomiPricer initialized: H=0.014, eta=1.41, rho=-0.99, xi=1.1829, n_paths=50,000, n_steps=100, scheme=hybrid
2026-03-28 12:08:17,060 - INFO -     skew -> skew_20220618_hybrid_mixed.png
2026-03-28 12:08:17,290 - INFO -     heatmap -> residuals_heatmap_20220618_hybrid_mixed.png
2026-03-28 12:08:17,423 - INFO -     hist   -> residuals_hist_20220618_hybrid_mixed.png
2026-03-28 12:08:17,724 - INFO -     3d     -> iv_surface_3d_20220618_hybrid_mixed.png
2026-03-28 12:08:17,724 - INFO - 
  [hybrid_mixed] 20220702  H=0.0100 eta=0.927 rho=-0.791
2026-03-28 12:08:19,743 - INFO - Surface @ 2022-07-02 12:00:00: 36 points, TTM range [0.035, 0.246] years
2026-03-28 12:08:19,744 - INFO - rBergomiPricer initialized: H=0.010, eta=0.93, rho=-0.79, xi=0.6378, n_paths=50,000, n_steps=100, scheme=hybrid
2026-03-28 12:08:20,810 - INFO -     skew -> skew_20220702_hybrid_mixed.png
2026-03-28 12:08:21,001 - INFO -     heatmap -> residuals_heatmap_20220702_hybrid_mixed.png
2026-03-28 12:08:21,152 - INFO -     hist   -> residuals_hist_20220702_hybrid_mixed.png
2026-03-28 12:08:21,509 - INFO -     3d     -> iv_surface_3d_20220702_hybrid_mixed.png
2026-03-28 12:08:21,509 - INFO - 
  [hybrid_mixed] 20221107  H=0.0100 eta=1.888 rho=-0.337
2026-03-28 12:08:23,540 - INFO - Surface @ 2022-11-07 12:00:00: 43 points, TTM range [0.030, 0.221] years
2026-03-28 12:08:23,541 - INFO - rBergomiPricer initialized: H=0.010, eta=1.89, rho=-0.34, xi=0.2417, n_paths=50,000, n_steps=100, scheme=hybrid
2026-03-28 12:08:24,452 - INFO -     skew -> skew_20221107_hybrid_mixed.png
2026-03-28 12:08:24,630 - INFO -     heatmap -> residuals_heatmap_20221107_hybrid_mixed.png
2026-03-28 12:08:24,758 - INFO -     hist   -> residuals_hist_20221107_hybrid_mixed.png
2026-03-28 12:08:25,115 - INFO -     3d     -> iv_surface_3d_20221107_hybrid_mixed.png
2026-03-28 12:08:25,115 - INFO - 
  [hybrid_mixed] 20221108  H=0.0100 eta=1.922 rho=-0.592
2026-03-28 12:08:27,286 - INFO - Surface @ 2022-11-08 12:00:00: 43 points, TTM range [0.027, 0.219] years
2026-03-28 12:08:27,288 - INFO - rBergomiPricer initialized: H=0.010, eta=1.92, rho=-0.59, xi=0.3496, n_paths=50,000, n_steps=100, scheme=hybrid
2026-03-28 12:08:28,249 - INFO -     skew -> skew_20221108_hybrid_mixed.png
2026-03-28 12:08:28,439 - INFO -     heatmap -> residuals_heatmap_20221108_hybrid_mixed.png
2026-03-28 12:08:28,564 - INFO -     hist   -> residuals_hist_20221108_hybrid_mixed.png
2026-03-28 12:08:28,925 - INFO -     3d     -> iv_surface_3d_20221108_hybrid_mixed.png
2026-03-28 12:08:28,925 - INFO - 
  [hybrid_mixed] 20221109  H=0.4900 eta=2.722 rho=-0.655
2026-03-28 12:08:31,147 - INFO - Surface @ 2022-11-09 12:00:00: 39 points, TTM range [0.024, 0.216] years
2026-03-28 12:08:31,150 - INFO - rBergomiPricer initialized: H=0.490, eta=2.72, rho=-0.66, xi=0.9495, n_paths=50,000, n_steps=100, scheme=hybrid
2026-03-28 12:08:32,116 - INFO -     skew -> skew_20221109_hybrid_mixed.png
2026-03-28 12:08:32,338 - INFO -     heatmap -> residuals_heatmap_20221109_hybrid_mixed.png
2026-03-28 12:08:32,501 - INFO -     hist   -> residuals_hist_20221109_hybrid_mixed.png
2026-03-28 12:08:32,839 - INFO -     3d     -> iv_surface_3d_20221109_hybrid_mixed.png
2026-03-28 12:08:32,840 - INFO - 
  [hybrid_mixed] 20221116  H=0.0100 eta=1.565 rho=-0.780
2026-03-28 12:08:35,120 - INFO - Surface @ 2022-11-16 12:00:00: 37 points, TTM range [0.024, 0.197] years
2026-03-28 12:08:35,125 - INFO - rBergomiPricer initialized: H=0.010, eta=1.57, rho=-0.78, xi=0.5627, n_paths=50,000, n_steps=100, scheme=hybrid
2026-03-28 12:08:36,097 - INFO -     skew -> skew_20221116_hybrid_mixed.png
2026-03-28 12:08:36,270 - INFO -     heatmap -> residuals_heatmap_20221116_hybrid_mixed.png
2026-03-28 12:08:36,438 - INFO -     hist   -> residuals_hist_20221116_hybrid_mixed.png
2026-03-28 12:08:36,812 - INFO -     3d     -> iv_surface_3d_20221116_hybrid_mixed.png
2026-03-28 12:08:36,812 - INFO - 
  [hybrid_mixed] 20221217  H=0.0100 eta=2.086 rho=-0.403
2026-03-28 12:08:38,777 - INFO - Surface @ 2022-12-17 12:00:00: 32 points, TTM range [0.035, 0.189] years
2026-03-28 12:08:38,778 - INFO - rBergomiPricer initialized: H=0.010, eta=2.09, rho=-0.40, xi=0.2695, n_paths=50,000, n_steps=100, scheme=hybrid
2026-03-28 12:08:39,743 - INFO -     skew -> skew_20221217_hybrid_mixed.png
2026-03-28 12:08:39,912 - INFO -     heatmap -> residuals_heatmap_20221217_hybrid_mixed.png
2026-03-28 12:08:40,030 - INFO -     hist   -> residuals_hist_20221217_hybrid_mixed.png
2026-03-28 12:08:40,418 - INFO -     3d     -> iv_surface_3d_20221217_hybrid_mixed.png
2026-03-28 12:08:40,418 - INFO - 
  [hybrid_mixed] 20230309  H=0.0135 eta=2.309 rho=-0.204
2026-03-28 12:08:42,853 - INFO - Surface @ 2023-03-09 12:00:00: 56 points, TTM range [0.022, 0.213] years
2026-03-28 12:08:42,855 - INFO - rBergomiPricer initialized: H=0.013, eta=2.31, rho=-0.20, xi=0.2018, n_paths=50,000, n_steps=100, scheme=hybrid
2026-03-28 12:08:44,199 - INFO -     skew -> skew_20230309_hybrid_mixed.png
2026-03-28 12:08:44,423 - INFO -     heatmap -> residuals_heatmap_20230309_hybrid_mixed.png
2026-03-28 12:08:44,557 - INFO -     hist   -> residuals_hist_20230309_hybrid_mixed.png
2026-03-28 12:08:44,906 - INFO -     3d     -> iv_surface_3d_20230309_hybrid_mixed.png
2026-03-28 12:08:44,906 - INFO - 
  [hybrid_mixed] 20230310  H=0.0100 eta=2.016 rho=-0.663
2026-03-28 12:08:47,657 - INFO - Surface @ 2023-03-10 12:00:00: 39 points, TTM range [0.038, 0.210] years
2026-03-28 12:08:47,659 - INFO - rBergomiPricer initialized: H=0.010, eta=2.02, rho=-0.66, xi=0.2680, n_paths=50,000, n_steps=100, scheme=hybrid
2026-03-28 12:08:48,615 - INFO -     skew -> skew_20230310_hybrid_mixed.png
2026-03-28 12:08:48,894 - INFO -     heatmap -> residuals_heatmap_20230310_hybrid_mixed.png
2026-03-28 12:08:49,068 - INFO -     hist   -> residuals_hist_20230310_hybrid_mixed.png
2026-03-28 12:08:49,393 - INFO -     3d     -> iv_surface_3d_20230310_hybrid_mixed.png
2026-03-28 12:08:49,393 - INFO - 
  [hybrid_mixed] 20230311  H=0.0100 eta=2.072 rho=-0.643
2026-03-28 12:08:51,857 - INFO - Surface @ 2023-03-11 12:00:00: 43 points, TTM range [0.035, 0.208] years
2026-03-28 12:08:51,858 - INFO - rBergomiPricer initialized: H=0.010, eta=2.07, rho=-0.64, xi=0.3064, n_paths=50,000, n_steps=100, scheme=hybrid
2026-03-28 12:08:52,813 - INFO -     skew -> skew_20230311_hybrid_mixed.png
2026-03-28 12:08:53,011 - INFO -     heatmap -> residuals_heatmap_20230311_hybrid_mixed.png
2026-03-28 12:08:53,165 - INFO -     hist   -> residuals_hist_20230311_hybrid_mixed.png
2026-03-28 12:08:53,515 - INFO -     3d     -> iv_surface_3d_20230311_hybrid_mixed.png
2026-03-28 12:08:53,516 - INFO - 
  [hybrid_mixed] 20230812  H=0.0100 eta=2.701 rho=0.000
2026-03-28 12:08:56,528 - INFO - Surface @ 2023-08-12 12:00:00: 44 points, TTM range [0.035, 0.208] years
2026-03-28 12:08:56,529 - INFO - rBergomiPricer initialized: H=0.010, eta=2.70, rho=0.00, xi=0.0678, n_paths=50,000, n_steps=100, scheme=hybrid
2026-03-28 12:08:57,359 - INFO -     skew -> skew_20230812_hybrid_mixed.png
2026-03-28 12:08:57,557 - INFO -     heatmap -> residuals_heatmap_20230812_hybrid_mixed.png
2026-03-28 12:08:57,687 - INFO -     hist   -> residuals_hist_20230812_hybrid_mixed.png
2026-03-28 12:08:58,023 - INFO -     3d     -> iv_surface_3d_20230812_hybrid_mixed.png
2026-03-28 12:08:58,024 - INFO - 
  [hybrid_mixed] 20230930  H=0.0226 eta=2.603 rho=-0.110
2026-03-28 12:09:00,779 - INFO - Surface @ 2023-09-30 12:00:00: 62 points, TTM range [0.035, 0.246] years
2026-03-28 12:09:00,782 - INFO - rBergomiPricer initialized: H=0.023, eta=2.60, rho=-0.11, xi=0.0781, n_paths=50,000, n_steps=100, scheme=hybrid
2026-03-28 12:09:02,044 - INFO -     skew -> skew_20230930_hybrid_mixed.png
2026-03-28 12:09:02,539 - INFO -     heatmap -> residuals_heatmap_20230930_hybrid_mixed.png
2026-03-28 12:09:02,673 - INFO -     hist   -> residuals_hist_20230930_hybrid_mixed.png
2026-03-28 12:09:03,022 - INFO -     3d     -> iv_surface_3d_20230930_hybrid_mixed.png
2026-03-28 12:09:03,022 - INFO - 
  [hybrid_mixed] 20240109  H=0.2355 eta=2.181 rho=-0.207
2026-03-28 12:09:06,861 - INFO - Surface @ 2024-01-09 12:00:00: 71 points, TTM range [0.027, 0.219] years
2026-03-28 12:09:06,863 - INFO - rBergomiPricer initialized: H=0.235, eta=2.18, rho=-0.21, xi=0.4286, n_paths=50,000, n_steps=100, scheme=hybrid
2026-03-28 12:09:07,810 - INFO -     skew -> skew_20240109_hybrid_mixed.png
2026-03-28 12:09:07,975 - INFO -     heatmap -> residuals_heatmap_20240109_hybrid_mixed.png
2026-03-28 12:09:08,161 - INFO -     hist   -> residuals_hist_20240109_hybrid_mixed.png
2026-03-28 12:09:08,528 - INFO -     3d     -> iv_surface_3d_20240109_hybrid_mixed.png
2026-03-28 12:09:08,528 - INFO - 
  [hybrid_mixed] 20240110  H=0.0100 eta=2.153 rho=-0.327
2026-03-28 12:09:13,621 - INFO - Surface @ 2024-01-10 12:00:00: 77 points, TTM range [0.024, 0.216] years
2026-03-28 12:09:13,623 - INFO - rBergomiPricer initialized: H=0.010, eta=2.15, rho=-0.33, xi=0.4471, n_paths=50,000, n_steps=100, scheme=hybrid
2026-03-28 12:09:14,830 - INFO -     skew -> skew_20240110_hybrid_mixed.png
2026-03-28 12:09:15,011 - INFO -     heatmap -> residuals_heatmap_20240110_hybrid_mixed.png
2026-03-28 12:09:15,145 - INFO -     hist   -> residuals_hist_20240110_hybrid_mixed.png
2026-03-28 12:09:15,526 - INFO -     3d     -> iv_surface_3d_20240110_hybrid_mixed.png
2026-03-28 12:09:15,527 - INFO - 
  [hybrid_mixed] 20240111  H=0.0100 eta=2.202 rho=-0.107
2026-03-28 12:09:19,241 - INFO - Surface @ 2024-01-11 12:00:00: 94 points, TTM range [0.022, 0.213] years
2026-03-28 12:09:19,244 - INFO - rBergomiPricer initialized: H=0.010, eta=2.20, rho=-0.11, xi=0.3386, n_paths=50,000, n_steps=100, scheme=hybrid
2026-03-28 12:09:20,289 - INFO -     skew -> skew_20240111_hybrid_mixed.png
2026-03-28 12:09:20,501 - INFO -     heatmap -> residuals_heatmap_20240111_hybrid_mixed.png
2026-03-28 12:09:20,648 - INFO -     hist   -> residuals_hist_20240111_hybrid_mixed.png
2026-03-28 12:09:20,961 - INFO -     3d     -> iv_surface_3d_20240111_hybrid_mixed.png
2026-03-28 12:09:20,961 - INFO - 
  [hybrid_mixed] 20240210  H=0.0100 eta=2.074 rho=0.000
2026-03-28 12:09:24,014 - INFO - Surface @ 2024-02-10 12:00:00: 67 points, TTM range [0.035, 0.208] years
2026-03-28 12:09:24,017 - INFO - rBergomiPricer initialized: H=0.010, eta=2.07, rho=0.00, xi=0.1781, n_paths=50,000, n_steps=100, scheme=hybrid
2026-03-28 12:09:25,125 - INFO -     skew -> skew_20240210_hybrid_mixed.png
2026-03-28 12:09:25,324 - INFO -     heatmap -> residuals_heatmap_20240210_hybrid_mixed.png
2026-03-28 12:09:25,457 - INFO -     hist   -> residuals_hist_20240210_hybrid_mixed.png
2026-03-28 12:09:25,772 - INFO -     3d     -> iv_surface_3d_20240210_hybrid_mixed.png
2026-03-28 12:09:25,773 - INFO - 
  [hybrid_mixed] 20240419  H=0.0100 eta=0.923 rho=-0.314
2026-03-28 12:09:30,242 - INFO - Surface @ 2024-04-19 12:00:00: 81 points, TTM range [0.038, 0.191] years
2026-03-28 12:09:30,244 - INFO - rBergomiPricer initialized: H=0.010, eta=0.92, rho=-0.31, xi=0.4696, n_paths=50,000, n_steps=100, scheme=hybrid
2026-03-28 12:09:31,168 - INFO -     skew -> skew_20240419_hybrid_mixed.png
2026-03-28 12:09:31,351 - INFO -     heatmap -> residuals_heatmap_20240419_hybrid_mixed.png
2026-03-28 12:09:31,491 - INFO -     hist   -> residuals_hist_20240419_hybrid_mixed.png
2026-03-28 12:09:31,812 - INFO -     3d     -> iv_surface_3d_20240419_hybrid_mixed.png
2026-03-28 12:09:31,812 - INFO - 
  [hybrid_mixed] 20240420  H=0.0100 eta=1.120 rho=-0.029
2026-03-28 12:09:36,657 - INFO - Surface @ 2024-04-20 12:00:00: 65 points, TTM range [0.035, 0.189] years
2026-03-28 12:09:36,658 - INFO - rBergomiPricer initialized: H=0.010, eta=1.12, rho=-0.03, xi=0.4339, n_paths=50,000, n_steps=100, scheme=hybrid
2026-03-28 12:09:37,824 - INFO -     skew -> skew_20240420_hybrid_mixed.png
2026-03-28 12:09:38,004 - INFO -     heatmap -> residuals_heatmap_20240420_hybrid_mixed.png
2026-03-28 12:09:38,132 - INFO -     hist   -> residuals_hist_20240420_hybrid_mixed.png
2026-03-28 12:09:38,460 - INFO -     3d     -> iv_surface_3d_20240420_hybrid_mixed.png
2026-03-28 12:09:38,460 - INFO - 
  [hybrid_mixed] 20240421  H=0.0100 eta=1.515 rho=0.000
2026-03-28 12:09:43,322 - INFO - Surface @ 2024-04-21 12:00:00: 70 points, TTM range [0.033, 0.186] years
2026-03-28 12:09:43,324 - INFO - rBergomiPricer initialized: H=0.010, eta=1.52, rho=0.00, xi=0.4832, n_paths=50,000, n_steps=100, scheme=hybrid
2026-03-28 12:09:44,289 - INFO -     skew -> skew_20240421_hybrid_mixed.png
2026-03-28 12:09:44,763 - INFO -     heatmap -> residuals_heatmap_20240421_hybrid_mixed.png
2026-03-28 12:09:44,881 - INFO -     hist   -> residuals_hist_20240421_hybrid_mixed.png
2026-03-28 12:09:45,263 - INFO -     3d     -> iv_surface_3d_20240421_hybrid_mixed.png
2026-03-28 12:09:45,264 - INFO - 
  [hybrid_mixed] 20240914  H=0.0100 eta=1.682 rho=-0.223
2026-03-28 12:09:49,474 - INFO - Surface @ 2024-09-14 12:00:00: 74 points, TTM range [0.035, 0.208] years
2026-03-28 12:09:49,475 - INFO - rBergomiPricer initialized: H=0.010, eta=1.68, rho=-0.22, xi=0.2322, n_paths=50,000, n_steps=100, scheme=hybrid
2026-03-28 12:09:50,577 - INFO -     skew -> skew_20240914_hybrid_mixed.png
2026-03-28 12:09:50,773 - INFO -     heatmap -> residuals_heatmap_20240914_hybrid_mixed.png
2026-03-28 12:09:50,943 - INFO -     hist   -> residuals_hist_20240914_hybrid_mixed.png
2026-03-28 12:09:51,281 - INFO -     3d     -> iv_surface_3d_20240914_hybrid_mixed.png
2026-03-28 12:09:51,282 - INFO - 
  [hybrid_mixed] 20241204  H=0.0100 eta=1.791 rho=0.000
2026-03-28 12:09:55,389 - INFO - Surface @ 2024-12-04 12:00:00: 107 points, TTM range [0.024, 0.235] years
2026-03-28 12:09:55,391 - INFO - rBergomiPricer initialized: H=0.010, eta=1.79, rho=0.00, xi=0.2674, n_paths=50,000, n_steps=100, scheme=hybrid
2026-03-28 12:09:56,427 - INFO -     skew -> skew_20241204_hybrid_mixed.png
2026-03-28 12:09:56,625 - INFO -     heatmap -> residuals_heatmap_20241204_hybrid_mixed.png
2026-03-28 12:09:56,764 - INFO -     hist   -> residuals_hist_20241204_hybrid_mixed.png
2026-03-28 12:09:57,125 - INFO -     3d     -> iv_surface_3d_20241204_hybrid_mixed.png
2026-03-28 12:09:57,125 - INFO - 
  [hybrid_mixed] 20241205  H=0.0100 eta=2.019 rho=0.000
2026-03-28 12:10:02,253 - INFO - Surface @ 2024-12-05 12:00:00: 126 points, TTM range [0.022, 0.232] years
2026-03-28 12:10:02,254 - INFO - rBergomiPricer initialized: H=0.010, eta=2.02, rho=0.00, xi=0.3175, n_paths=50,000, n_steps=100, scheme=hybrid
2026-03-28 12:10:03,724 - INFO -     skew -> skew_20241205_hybrid_mixed.png
2026-03-28 12:10:03,966 - INFO -     heatmap -> residuals_heatmap_20241205_hybrid_mixed.png
2026-03-28 12:10:04,116 - INFO -     hist   -> residuals_hist_20241205_hybrid_mixed.png
2026-03-28 12:10:04,469 - INFO -     3d     -> iv_surface_3d_20241205_hybrid_mixed.png
2026-03-28 12:10:04,469 - INFO - 
  [hybrid_mixed] 20241206  H=0.4900 eta=0.300 rho=0.000
2026-03-28 12:10:09,358 - INFO - Surface @ 2024-12-06 12:00:00: 93 points, TTM range [0.038, 0.230] years
2026-03-28 12:10:09,359 - INFO - rBergomiPricer initialized: H=0.490, eta=0.30, rho=0.00, xi=0.2810, n_paths=50,000, n_steps=100, scheme=hybrid
2026-03-28 12:10:10,378 - INFO -     skew -> skew_20241206_hybrid_mixed.png
2026-03-28 12:10:10,569 - INFO -     heatmap -> residuals_heatmap_20241206_hybrid_mixed.png
2026-03-28 12:10:10,739 - INFO -     hist   -> residuals_hist_20241206_hybrid_mixed.png
2026-03-28 12:10:11,234 - INFO -     3d     -> iv_surface_3d_20241206_hybrid_mixed.png
2026-03-28 12:10:11,235 - INFO - 
  [hybrid_mixed] 20250119  H=0.0100 eta=1.857 rho=0.000
2026-03-28 12:10:14,623 - INFO - Surface @ 2025-01-19 12:00:00: 90 points, TTM range [0.033, 0.186] years
2026-03-28 12:10:14,625 - INFO - rBergomiPricer initialized: H=0.010, eta=1.86, rho=0.00, xi=0.4207, n_paths=50,000, n_steps=100, scheme=hybrid
2026-03-28 12:10:15,604 - INFO -     skew -> skew_20250119_hybrid_mixed.png
2026-03-28 12:10:15,789 - INFO -     heatmap -> residuals_heatmap_20250119_hybrid_mixed.png
2026-03-28 12:10:15,910 - INFO -     hist   -> residuals_hist_20250119_hybrid_mixed.png
2026-03-28 12:10:16,260 - INFO -     3d     -> iv_surface_3d_20250119_hybrid_mixed.png
2026-03-28 12:10:16,260 - INFO - 
  [hybrid_mixed] 20250120  H=0.4015 eta=3.207 rho=-0.002
2026-03-28 12:10:20,825 - INFO - Surface @ 2025-01-20 12:00:00: 92 points, TTM range [0.030, 0.183] years
2026-03-28 12:10:20,827 - INFO - rBergomiPricer initialized: H=0.402, eta=3.21, rho=-0.00, xi=0.4726, n_paths=50,000, n_steps=100, scheme=hybrid
2026-03-28 12:10:21,720 - INFO -     skew -> skew_20250120_hybrid_mixed.png
2026-03-28 12:10:21,921 - INFO -     heatmap -> residuals_heatmap_20250120_hybrid_mixed.png
2026-03-28 12:10:22,089 - INFO -     hist   -> residuals_hist_20250120_hybrid_mixed.png
2026-03-28 12:10:22,429 - INFO -     3d     -> iv_surface_3d_20250120_hybrid_mixed.png
2026-03-28 12:10:22,429 - INFO - 
  [hybrid_mixed] 20250121  H=0.0100 eta=2.091 rho=0.000
2026-03-28 12:10:26,035 - INFO - Surface @ 2025-01-21 12:00:00: 90 points, TTM range [0.027, 0.180] years
2026-03-28 12:10:26,037 - INFO - rBergomiPricer initialized: H=0.010, eta=2.09, rho=0.00, xi=0.3549, n_paths=50,000, n_steps=100, scheme=hybrid
2026-03-28 12:10:27,152 - INFO -     skew -> skew_20250121_hybrid_mixed.png
2026-03-28 12:10:27,352 - INFO -     heatmap -> residuals_heatmap_20250121_hybrid_mixed.png
2026-03-28 12:10:27,487 - INFO -     hist   -> residuals_hist_20250121_hybrid_mixed.png
2026-03-28 12:10:27,839 - INFO -     3d     -> iv_surface_3d_20250121_hybrid_mixed.png
2026-03-28 12:10:27,839 - INFO - 
  [hybrid_mixed] 20250203  H=0.0100 eta=1.676 rho=0.000
2026-03-28 12:10:31,829 - INFO - Surface @ 2025-02-03 12:00:00: 106 points, TTM range [0.030, 0.221] years
2026-03-28 12:10:31,830 - INFO - rBergomiPricer initialized: H=0.010, eta=1.68, rho=0.00, xi=0.3112, n_paths=50,000, n_steps=100, scheme=hybrid
2026-03-28 12:10:32,927 - INFO -     skew -> skew_20250203_hybrid_mixed.png
2026-03-28 12:10:33,138 - INFO -     heatmap -> residuals_heatmap_20250203_hybrid_mixed.png
2026-03-28 12:10:33,292 - INFO -     hist   -> residuals_hist_20250203_hybrid_mixed.png
2026-03-28 12:10:33,622 - INFO -     3d     -> iv_surface_3d_20250203_hybrid_mixed.png
2026-03-28 12:10:33,623 - INFO - 
======================================================================
2026-03-28 12:10:33,623 - INFO -   Figure generation complete.
2026-03-28 12:10:33,623 - INFO -   Output: Results\calibration\figures/
2026-03-28 12:10:33,623 - INFO - ======================================================================
